../Core/Src/main.c:116:5:main	48	static,ignoring_inline_asm
../Core/Src/main.c:224:6:SystemClock_Config	88	static
../Core/Src/main.c:282:13:MX_ADC1_Init	24	static
../Core/Src/main.c:353:13:MX_ADC3_Init	24	static
../Core/Src/main.c:424:13:MX_TIM1_Init	56	static
../Core/Src/main.c:475:13:MX_TIM3_Init	40	static
../Core/Src/main.c:520:13:MX_TIM4_Init	40	static
../Core/Src/main.c:565:13:MX_USART2_UART_Init	8	static
../Core/Src/main.c:600:13:MX_USART3_UART_Init	8	static
../Core/Src/main.c:633:13:MX_DMA_Init	16	static
../Core/Src/main.c:654:13:MX_GPIO_Init	56	static
../Core/Src/main.c:686:6:HAL_TIM_PeriodElapsedCallback	56	static,ignoring_inline_asm
../Core/Src/main.c:712:6:HAL_UART_RxCpltCallback	16	static
../Core/Src/main.c:738:6:HAL_ADC_ConvCpltCallback	120	static
../Core/Src/main.c:769:10:raiz	24	static
../Core/Src/main.c:787:6:Error_Handler	4	static,ignoring_inline_asm
